
[1m[30m[46m RUN [49m[39m[22m [36mv4.1.4 [39m[90mC:/Users/ryair/OneDrive - Intel Corporation/Documents/MyScripts/FamilyDashBoard[39m

